// Jest Snapshot v1, https://goo.gl/fbAQLP

exports[`Pruebas en CounterApp  debe mostrar <CounterApp /> correctamente  1`] = `
<Fragment>
  <h1>
    Counter App
  </h1>
  <h2>
     
    100
     
  </h2>
  <button
    onClick={[Function]}
  >
    +1
  </button>
  <button
    onClick={[Function]}
  >
    reset
  </button>
  <button
    onClick={[Function]}
  >
    -1
  </button>
</Fragment>
`;
